
===========================================================================
report_checks -path_delay max (Setup)
============================================================================
Startpoint: instruction_memory.process_for_mem[0].dram_inst
            (falling edge-triggered flip-flop clocked by clk')
Endpoint: data_memory.process_for_mem[0].spad_inst
          (falling edge-triggered flip-flop clocked by clk')
Path Group: clk
Path Type: max

Fanout     Cap    Slew   Delay    Time   Description
-----------------------------------------------------------------------------
                  0.15    0.00    0.00   clock clk' (fall edge)
                          0.00    0.00   clock network delay (ideal)
                  0.15    0.00    0.00 v instruction_memory.process_for_mem[0].dram_inst/clk0 (sky130_sram_2rw_32x128_32)
                  0.01    0.35    0.35 ^ instruction_memory.process_for_mem[0].dram_inst/dout0[22] (sky130_sram_2rw_32x128_32)
     4    0.01                           immediate_extend_u.instruction[22] (net)
                  0.00    0.00    0.35 ^ register_file._08131_/A (sky130_fd_sc_hd__buf_1)
                  0.68    0.53    0.88 ^ register_file._08131_/X (sky130_fd_sc_hd__buf_1)
    24    0.06                           register_file._03239_ (net)
                  0.68    0.00    0.88 ^ register_file._08165_/C (sky130_fd_sc_hd__or3_2)
                  0.08    0.28    1.16 ^ register_file._08165_/X (sky130_fd_sc_hd__or3_2)
     7    0.01                           register_file._03273_ (net)
                  0.08    0.00    1.16 ^ register_file._08166_/B (sky130_fd_sc_hd__or2_2)
                  0.03    0.11    1.27 ^ register_file._08166_/X (sky130_fd_sc_hd__or2_2)
     1    0.00                           register_file._03274_ (net)
                  0.03    0.00    1.27 ^ register_file._08167_/A (sky130_fd_sc_hd__buf_1)
                  0.30    0.26    1.53 ^ register_file._08167_/X (sky130_fd_sc_hd__buf_1)
     7    0.03                           register_file._03275_ (net)
                  0.30    0.00    1.53 ^ register_file._08884_/A (sky130_fd_sc_hd__buf_1)
                  1.07    0.88    2.41 ^ register_file._08884_/X (sky130_fd_sc_hd__buf_1)
    20    0.09                           register_file._03972_ (net)
                  1.07    0.00    2.41 ^ register_file._08922_/A2 (sky130_fd_sc_hd__o2111ai_2)
                  0.13    0.13    2.54 v register_file._08922_/Y (sky130_fd_sc_hd__o2111ai_2)
     1    0.00                           register_file._04009_ (net)
                  0.13    0.00    2.54 v register_file._08930_/C (sky130_fd_sc_hd__or4_2)
                  0.09    0.64    3.18 v register_file._08930_/X (sky130_fd_sc_hd__or4_2)
     1    0.00                           register_file._04017_ (net)
                  0.09    0.00    3.18 v register_file._08939_/A (sky130_fd_sc_hd__or4_2)
                  0.09    0.69    3.87 v register_file._08939_/X (sky130_fd_sc_hd__or4_2)
     1    0.00                           register_file._04026_ (net)
                  0.09    0.00    3.87 v register_file._08940_/A (sky130_fd_sc_hd__buf_1)
                  0.06    0.14    4.01 v register_file._08940_/X (sky130_fd_sc_hd__buf_1)
     2    0.01                           alu_operand_mux.input_b[21] (net)
                  0.06    0.00    4.01 v alu_operand_mux._111_/A0 (sky130_fd_sc_hd__mux2_2)
                  0.05    0.27    4.28 v alu_operand_mux._111_/X (sky130_fd_sc_hd__mux2_2)
     1    0.00                           alu_operand_mux._023_ (net)
                  0.05    0.00    4.28 v alu_operand_mux._112_/A (sky130_fd_sc_hd__buf_1)
                  0.14    0.18    4.46 v alu_operand_mux._112_/X (sky130_fd_sc_hd__buf_1)
     5    0.02                           alu.alu_in_1[21] (net)
                  0.14    0.00    4.46 v alu._2195_/B (sky130_fd_sc_hd__or4_2)
                  0.09    0.68    5.15 v alu._2195_/X (sky130_fd_sc_hd__or4_2)
     1    0.00                           alu._1401_ (net)
                  0.09    0.00    5.15 v alu._2198_/B (sky130_fd_sc_hd__or4_2)
                  0.09    0.66    5.81 v alu._2198_/X (sky130_fd_sc_hd__or4_2)
     1    0.00                           alu._1404_ (net)
                  0.09    0.00    5.81 v alu._2207_/A (sky130_fd_sc_hd__or4_2)
                  0.09    0.69    6.50 v alu._2207_/X (sky130_fd_sc_hd__or4_2)
     1    0.00                           alu._1413_ (net)
                  0.09    0.00    6.50 v alu._2208_/A (sky130_fd_sc_hd__buf_1)
                  0.11    0.19    6.68 v alu._2208_/X (sky130_fd_sc_hd__buf_1)
    13    0.02                           alu._1414_ (net)
                  0.11    0.00    6.68 v alu._2223_/A (sky130_fd_sc_hd__buf_1)
                  0.24    0.30    6.98 v alu._2223_/X (sky130_fd_sc_hd__buf_1)
    30    0.04                           alu._1429_ (net)
                  0.24    0.00    6.98 v alu._2239_/C (sky130_fd_sc_hd__or3_2)
                  0.12    0.56    7.54 v alu._2239_/X (sky130_fd_sc_hd__or3_2)
     8    0.01                           alu._1445_ (net)
                  0.12    0.00    7.54 v alu._2242_/A2 (sky130_fd_sc_hd__mux4_2)
                  0.09    0.51    8.05 v alu._2242_/X (sky130_fd_sc_hd__mux4_2)
     3    0.01                           alu._1448_ (net)
                  0.09    0.00    8.05 v alu._2244_/A1 (sky130_fd_sc_hd__mux2_2)
                  0.06    0.31    8.37 v alu._2244_/X (sky130_fd_sc_hd__mux2_2)
     3    0.01                           alu._1450_ (net)
                  0.06    0.00    8.37 v alu._2654_/A0 (sky130_fd_sc_hd__mux2_2)
                  0.05    0.27    8.63 v alu._2654_/X (sky130_fd_sc_hd__mux2_2)
     1    0.00                           alu._0034_ (net)
                  0.05    0.00    8.63 v alu._2655_/A3 (sky130_fd_sc_hd__mux4_2)
                  0.08    0.47    9.11 v alu._2655_/X (sky130_fd_sc_hd__mux4_2)
     1    0.00                           alu._0035_ (net)
                  0.08    0.00    9.11 v alu._2656_/B1 (sky130_fd_sc_hd__o32a_2)
                  0.05    0.20    9.31 v alu._2656_/X (sky130_fd_sc_hd__o32a_2)
     1    0.00                           alu._0036_ (net)
                  0.05    0.00    9.31 v alu._2658_/B1 (sky130_fd_sc_hd__o221a_2)
                  0.04    0.24    9.55 v alu._2658_/X (sky130_fd_sc_hd__o221a_2)
     1    0.00                           alu._0038_ (net)
                  0.04    0.00    9.55 v alu._2659_/B_N (sky130_fd_sc_hd__or2b_2)
                  0.03    0.15    9.71 ^ alu._2659_/X (sky130_fd_sc_hd__or2b_2)
     1    0.00                           alu._0039_ (net)
                  0.03    0.00    9.71 ^ alu._2660_/A (sky130_fd_sc_hd__buf_1)
                  0.14    0.14    9.85 ^ alu._2660_/X (sky130_fd_sc_hd__buf_1)
     3    0.01                           alu.alu_out[8] (net)
                  0.18    0.00    9.85 ^ data_memory.process_for_mem[0].spad_inst/addr0[5] (sky130_sram_2rw_64x128_64)
                                  9.85   data arrival time

                  0.15   50.00   50.00   clock clk' (rise edge)
                          0.00   50.00   clock network delay (ideal)
                         -0.25   49.75   clock uncertainty
                          0.00   49.75   clock reconvergence pessimism
                                 49.75 ^ data_memory.process_for_mem[0].spad_inst/clk0 (sky130_sram_2rw_64x128_64)
                         -0.10   49.65   library setup time
                                 49.65   data required time
-----------------------------------------------------------------------------
                                 49.65   data required time
                                 -9.85   data arrival time
-----------------------------------------------------------------------------
                                 39.80   slack (MET)


Startpoint: instruction_memory.process_for_mem[0].dram_inst
            (falling edge-triggered flip-flop clocked by clk')
Endpoint: data_memory.process_for_mem[0].spad_inst
          (falling edge-triggered flip-flop clocked by clk')
Path Group: clk
Path Type: max

Fanout     Cap    Slew   Delay    Time   Description
-----------------------------------------------------------------------------
                  0.15    0.00    0.00   clock clk' (fall edge)
                          0.00    0.00   clock network delay (ideal)
                  0.15    0.00    0.00 v instruction_memory.process_for_mem[0].dram_inst/clk0 (sky130_sram_2rw_32x128_32)
                  0.01    0.35    0.35 ^ instruction_memory.process_for_mem[0].dram_inst/dout0[22] (sky130_sram_2rw_32x128_32)
     4    0.01                           immediate_extend_u.instruction[22] (net)
                  0.00    0.00    0.35 ^ register_file._08131_/A (sky130_fd_sc_hd__buf_1)
                  0.68    0.53    0.88 ^ register_file._08131_/X (sky130_fd_sc_hd__buf_1)
    24    0.06                           register_file._03239_ (net)
                  0.68    0.00    0.88 ^ register_file._08165_/C (sky130_fd_sc_hd__or3_2)
                  0.08    0.28    1.16 ^ register_file._08165_/X (sky130_fd_sc_hd__or3_2)
     7    0.01                           register_file._03273_ (net)
                  0.08    0.00    1.16 ^ register_file._08166_/B (sky130_fd_sc_hd__or2_2)
                  0.03    0.11    1.27 ^ register_file._08166_/X (sky130_fd_sc_hd__or2_2)
     1    0.00                           register_file._03274_ (net)
                  0.03    0.00    1.27 ^ register_file._08167_/A (sky130_fd_sc_hd__buf_1)
                  0.30    0.26    1.53 ^ register_file._08167_/X (sky130_fd_sc_hd__buf_1)
     7    0.03                           register_file._03275_ (net)
                  0.30    0.00    1.53 ^ register_file._08884_/A (sky130_fd_sc_hd__buf_1)
                  1.07    0.88    2.41 ^ register_file._08884_/X (sky130_fd_sc_hd__buf_1)
    20    0.09                           register_file._03972_ (net)
                  1.07    0.00    2.41 ^ register_file._08922_/A2 (sky130_fd_sc_hd__o2111ai_2)
                  0.13    0.13    2.54 v register_file._08922_/Y (sky130_fd_sc_hd__o2111ai_2)
     1    0.00                           register_file._04009_ (net)
                  0.13    0.00    2.54 v register_file._08930_/C (sky130_fd_sc_hd__or4_2)
                  0.09    0.64    3.18 v register_file._08930_/X (sky130_fd_sc_hd__or4_2)
     1    0.00                           register_file._04017_ (net)
                  0.09    0.00    3.18 v register_file._08939_/A (sky130_fd_sc_hd__or4_2)
                  0.09    0.69    3.87 v register_file._08939_/X (sky130_fd_sc_hd__or4_2)
     1    0.00                           register_file._04026_ (net)
                  0.09    0.00    3.87 v register_file._08940_/A (sky130_fd_sc_hd__buf_1)
                  0.06    0.14    4.01 v register_file._08940_/X (sky130_fd_sc_hd__buf_1)
     2    0.01                           alu_operand_mux.input_b[21] (net)
                  0.06    0.00    4.01 v alu_operand_mux._111_/A0 (sky130_fd_sc_hd__mux2_2)
                  0.05    0.27    4.28 v alu_operand_mux._111_/X (sky130_fd_sc_hd__mux2_2)
     1    0.00                           alu_operand_mux._023_ (net)
                  0.05    0.00    4.28 v alu_operand_mux._112_/A (sky130_fd_sc_hd__buf_1)
                  0.14    0.18    4.46 v alu_operand_mux._112_/X (sky130_fd_sc_hd__buf_1)
     5    0.02                           alu.alu_in_1[21] (net)
                  0.14    0.00    4.46 v alu._2195_/B (sky130_fd_sc_hd__or4_2)
                  0.09    0.68    5.15 v alu._2195_/X (sky130_fd_sc_hd__or4_2)
     1    0.00                           alu._1401_ (net)
                  0.09    0.00    5.15 v alu._2198_/B (sky130_fd_sc_hd__or4_2)
                  0.09    0.66    5.81 v alu._2198_/X (sky130_fd_sc_hd__or4_2)
     1    0.00                           alu._1404_ (net)
                  0.09    0.00    5.81 v alu._2207_/A (sky130_fd_sc_hd__or4_2)
                  0.09    0.69    6.50 v alu._2207_/X (sky130_fd_sc_hd__or4_2)
     1    0.00                           alu._1413_ (net)
                  0.09    0.00    6.50 v alu._2208_/A (sky130_fd_sc_hd__buf_1)
                  0.11    0.19    6.68 v alu._2208_/X (sky130_fd_sc_hd__buf_1)
    13    0.02                           alu._1414_ (net)
                  0.11    0.00    6.68 v alu._2209_/A (sky130_fd_sc_hd__buf_1)
                  0.22    0.28    6.97 v alu._2209_/X (sky130_fd_sc_hd__buf_1)
    30    0.04                           alu._1415_ (net)
                  0.22    0.00    6.97 v alu._2332_/C (sky130_fd_sc_hd__or3_2)
                  0.11    0.54    7.51 v alu._2332_/X (sky130_fd_sc_hd__or3_2)
     7    0.01                           alu._1538_ (net)
                  0.11    0.00    7.51 v alu._2397_/A3 (sky130_fd_sc_hd__mux4_2)
                  0.09    0.52    8.03 v alu._2397_/X (sky130_fd_sc_hd__mux4_2)
     3    0.01                           alu._1602_ (net)
                  0.09    0.00    8.03 v alu._2566_/A0 (sky130_fd_sc_hd__mux2_2)
                  0.06    0.30    8.33 v alu._2566_/X (sky130_fd_sc_hd__mux2_2)
     4    0.01                           alu._1767_ (net)
                  0.06    0.00    8.33 v alu._2567_/A3 (sky130_fd_sc_hd__mux4_2)
                  0.09    0.50    8.83 v alu._2567_/X (sky130_fd_sc_hd__mux4_2)
     2    0.00                           alu._1768_ (net)
                  0.09    0.00    8.83 v alu._2573_/A0 (sky130_fd_sc_hd__mux2_2)
                  0.05    0.28    9.11 v alu._2573_/X (sky130_fd_sc_hd__mux2_2)
     1    0.00                           alu._1774_ (net)
                  0.05    0.00    9.11 v alu._2574_/B1 (sky130_fd_sc_hd__o32a_2)
                  0.05    0.19    9.30 v alu._2574_/X (sky130_fd_sc_hd__o32a_2)
     1    0.00                           alu._1775_ (net)
                  0.05    0.00    9.30 v alu._2575_/B1 (sky130_fd_sc_hd__o22a_2)
                  0.05    0.21    9.51 v alu._2575_/X (sky130_fd_sc_hd__o22a_2)
     1    0.00                           alu._1776_ (net)
                  0.05    0.00    9.51 v alu._2576_/B (sky130_fd_sc_hd__nand2_2)
                  0.07    0.09    9.60 ^ alu._2576_/Y (sky130_fd_sc_hd__nand2_2)
     3    0.01                           alu.alu_out[5] (net)
                  0.10    0.00    9.60 ^ data_memory.process_for_mem[0].spad_inst/addr0[2] (sky130_sram_2rw_64x128_64)
                                  9.60   data arrival time

                  0.15   50.00   50.00   clock clk' (rise edge)
                          0.00   50.00   clock network delay (ideal)
                         -0.25   49.75   clock uncertainty
                          0.00   49.75   clock reconvergence pessimism
                                 49.75 ^ data_memory.process_for_mem[0].spad_inst/clk0 (sky130_sram_2rw_64x128_64)
                         -0.10   49.65   library setup time
                                 49.65   data required time
-----------------------------------------------------------------------------
                                 49.65   data required time
                                 -9.60   data arrival time
-----------------------------------------------------------------------------
                                 40.05   slack (MET)


Startpoint: instruction_memory.process_for_mem[0].dram_inst
            (falling edge-triggered flip-flop clocked by clk')
Endpoint: data_memory.process_for_mem[0].spad_inst
          (falling edge-triggered flip-flop clocked by clk')
Path Group: clk
Path Type: max

Fanout     Cap    Slew   Delay    Time   Description
-----------------------------------------------------------------------------
                  0.15    0.00    0.00   clock clk' (fall edge)
                          0.00    0.00   clock network delay (ideal)
                  0.15    0.00    0.00 v instruction_memory.process_for_mem[0].dram_inst/clk0 (sky130_sram_2rw_32x128_32)
                  0.01    0.35    0.35 ^ instruction_memory.process_for_mem[0].dram_inst/dout0[22] (sky130_sram_2rw_32x128_32)
     4    0.01                           immediate_extend_u.instruction[22] (net)
                  0.00    0.00    0.35 ^ register_file._08131_/A (sky130_fd_sc_hd__buf_1)
                  0.68    0.53    0.88 ^ register_file._08131_/X (sky130_fd_sc_hd__buf_1)
    24    0.06                           register_file._03239_ (net)
                  0.68    0.00    0.88 ^ register_file._08165_/C (sky130_fd_sc_hd__or3_2)
                  0.08    0.28    1.16 ^ register_file._08165_/X (sky130_fd_sc_hd__or3_2)
     7    0.01                           register_file._03273_ (net)
                  0.08    0.00    1.16 ^ register_file._08166_/B (sky130_fd_sc_hd__or2_2)
                  0.03    0.11    1.27 ^ register_file._08166_/X (sky130_fd_sc_hd__or2_2)
     1    0.00                           register_file._03274_ (net)
                  0.03    0.00    1.27 ^ register_file._08167_/A (sky130_fd_sc_hd__buf_1)
                  0.30    0.26    1.53 ^ register_file._08167_/X (sky130_fd_sc_hd__buf_1)
     7    0.03                           register_file._03275_ (net)
                  0.30    0.00    1.53 ^ register_file._08884_/A (sky130_fd_sc_hd__buf_1)
                  1.07    0.88    2.41 ^ register_file._08884_/X (sky130_fd_sc_hd__buf_1)
    20    0.09                           register_file._03972_ (net)
                  1.07    0.00    2.41 ^ register_file._08922_/A2 (sky130_fd_sc_hd__o2111ai_2)
                  0.13    0.13    2.54 v register_file._08922_/Y (sky130_fd_sc_hd__o2111ai_2)
     1    0.00                           register_file._04009_ (net)
                  0.13    0.00    2.54 v register_file._08930_/C (sky130_fd_sc_hd__or4_2)
                  0.09    0.64    3.18 v register_file._08930_/X (sky130_fd_sc_hd__or4_2)
     1    0.00                           register_file._04017_ (net)
                  0.09    0.00    3.18 v register_file._08939_/A (sky130_fd_sc_hd__or4_2)
                  0.09    0.69    3.87 v register_file._08939_/X (sky130_fd_sc_hd__or4_2)
     1    0.00                           register_file._04026_ (net)
                  0.09    0.00    3.87 v register_file._08940_/A (sky130_fd_sc_hd__buf_1)
                  0.06    0.14    4.01 v register_file._08940_/X (sky130_fd_sc_hd__buf_1)
     2    0.01                           alu_operand_mux.input_b[21] (net)
                  0.06    0.00    4.01 v alu_operand_mux._111_/A0 (sky130_fd_sc_hd__mux2_2)
                  0.05    0.27    4.28 v alu_operand_mux._111_/X (sky130_fd_sc_hd__mux2_2)
     1    0.00                           alu_operand_mux._023_ (net)
                  0.05    0.00    4.28 v alu_operand_mux._112_/A (sky130_fd_sc_hd__buf_1)
                  0.14    0.18    4.46 v alu_operand_mux._112_/X (sky130_fd_sc_hd__buf_1)
     5    0.02                           alu.alu_in_1[21] (net)
                  0.14    0.00    4.46 v alu._2195_/B (sky130_fd_sc_hd__or4_2)
                  0.09    0.68    5.15 v alu._2195_/X (sky130_fd_sc_hd__or4_2)
     1    0.00                           alu._1401_ (net)
                  0.09    0.00    5.15 v alu._2198_/B (sky130_fd_sc_hd__or4_2)
                  0.09    0.66    5.81 v alu._2198_/X (sky130_fd_sc_hd__or4_2)
     1    0.00                           alu._1404_ (net)
                  0.09    0.00    5.81 v alu._2207_/A (sky130_fd_sc_hd__or4_2)
                  0.09    0.69    6.50 v alu._2207_/X (sky130_fd_sc_hd__or4_2)
     1    0.00                           alu._1413_ (net)
                  0.09    0.00    6.50 v alu._2208_/A (sky130_fd_sc_hd__buf_1)
                  0.11    0.19    6.68 v alu._2208_/X (sky130_fd_sc_hd__buf_1)
    13    0.02                           alu._1414_ (net)
                  0.11    0.00    6.68 v alu._2223_/A (sky130_fd_sc_hd__buf_1)
                  0.24    0.30    6.98 v alu._2223_/X (sky130_fd_sc_hd__buf_1)
    30    0.04                           alu._1429_ (net)
                  0.24    0.00    6.98 v alu._2302_/C (sky130_fd_sc_hd__or3_2)
                  0.11    0.55    7.53 v alu._2302_/X (sky130_fd_sc_hd__or3_2)
     7    0.01                           alu._1508_ (net)
                  0.11    0.00    7.53 v alu._2303_/A3 (sky130_fd_sc_hd__mux4_2)
                  0.09    0.52    8.06 v alu._2303_/X (sky130_fd_sc_hd__mux4_2)
     3    0.00                           alu._1509_ (net)
                  0.09    0.00    8.06 v alu._2541_/B (sky130_fd_sc_hd__or2_2)
                  0.06    0.30    8.35 v alu._2541_/X (sky130_fd_sc_hd__or2_2)
     2    0.00                           alu._1743_ (net)
                  0.06    0.00    8.35 v alu._2543_/A0 (sky130_fd_sc_hd__mux2_2)
                  0.05    0.27    8.63 v alu._2543_/X (sky130_fd_sc_hd__mux2_2)
     2    0.00                           alu._1745_ (net)
                  0.05    0.00    8.63 v alu._2545_/A0 (sky130_fd_sc_hd__mux2_2)
                  0.05    0.27    8.90 v alu._2545_/X (sky130_fd_sc_hd__mux2_2)
     2    0.00                           alu._1747_ (net)
                  0.05    0.00    8.90 v alu._2546_/B1 (sky130_fd_sc_hd__o32a_2)
                  0.06    0.20    9.10 v alu._2546_/X (sky130_fd_sc_hd__o32a_2)
     1    0.00                           alu._1748_ (net)
                  0.06    0.00    9.10 v alu._2547_/A2 (sky130_fd_sc_hd__a21oi_2)
                  0.12    0.12    9.23 ^ alu._2547_/Y (sky130_fd_sc_hd__a21oi_2)
     1    0.00                           alu._1749_ (net)
                  0.12    0.00    9.23 ^ alu._2548_/B (sky130_fd_sc_hd__or2_2)
                  0.03    0.12    9.35 ^ alu._2548_/X (sky130_fd_sc_hd__or2_2)
     1    0.00                           alu._1750_ (net)
                  0.03    0.00    9.35 ^ alu._2549_/A (sky130_fd_sc_hd__buf_1)
                  0.13    0.14    9.49 ^ alu._2549_/X (sky130_fd_sc_hd__buf_1)
     3    0.01                           alu.alu_out[4] (net)
                  0.18    0.00    9.49 ^ data_memory.process_for_mem[0].spad_inst/addr0[1] (sky130_sram_2rw_64x128_64)
                                  9.49   data arrival time

                  0.15   50.00   50.00   clock clk' (rise edge)
                          0.00   50.00   clock network delay (ideal)
                         -0.25   49.75   clock uncertainty
                          0.00   49.75   clock reconvergence pessimism
                                 49.75 ^ data_memory.process_for_mem[0].spad_inst/clk0 (sky130_sram_2rw_64x128_64)
                         -0.10   49.65   library setup time
                                 49.65   data required time
-----------------------------------------------------------------------------
                                 49.65   data required time
                                 -9.49   data arrival time
-----------------------------------------------------------------------------
                                 40.16   slack (MET)


Startpoint: instruction_memory.process_for_mem[0].dram_inst
            (falling edge-triggered flip-flop clocked by clk')
Endpoint: data_memory.process_for_mem[0].spad_inst
          (falling edge-triggered flip-flop clocked by clk')
Path Group: clk
Path Type: max

Fanout     Cap    Slew   Delay    Time   Description
-----------------------------------------------------------------------------
                  0.15    0.00    0.00   clock clk' (fall edge)
                          0.00    0.00   clock network delay (ideal)
                  0.15    0.00    0.00 v instruction_memory.process_for_mem[0].dram_inst/clk0 (sky130_sram_2rw_32x128_32)
                  0.01    0.35    0.35 ^ instruction_memory.process_for_mem[0].dram_inst/dout0[22] (sky130_sram_2rw_32x128_32)
     4    0.01                           immediate_extend_u.instruction[22] (net)
                  0.00    0.00    0.35 ^ register_file._08131_/A (sky130_fd_sc_hd__buf_1)
                  0.68    0.53    0.88 ^ register_file._08131_/X (sky130_fd_sc_hd__buf_1)
    24    0.06                           register_file._03239_ (net)
                  0.68    0.00    0.88 ^ register_file._08165_/C (sky130_fd_sc_hd__or3_2)
                  0.08    0.28    1.16 ^ register_file._08165_/X (sky130_fd_sc_hd__or3_2)
     7    0.01                           register_file._03273_ (net)
                  0.08    0.00    1.16 ^ register_file._08166_/B (sky130_fd_sc_hd__or2_2)
                  0.03    0.11    1.27 ^ register_file._08166_/X (sky130_fd_sc_hd__or2_2)
     1    0.00                           register_file._03274_ (net)
                  0.03    0.00    1.27 ^ register_file._08167_/A (sky130_fd_sc_hd__buf_1)
                  0.30    0.26    1.53 ^ register_file._08167_/X (sky130_fd_sc_hd__buf_1)
     7    0.03                           register_file._03275_ (net)
                  0.30    0.00    1.53 ^ register_file._08884_/A (sky130_fd_sc_hd__buf_1)
                  1.07    0.88    2.41 ^ register_file._08884_/X (sky130_fd_sc_hd__buf_1)
    20    0.09                           register_file._03972_ (net)
                  1.07    0.00    2.41 ^ register_file._08922_/A2 (sky130_fd_sc_hd__o2111ai_2)
                  0.13    0.13    2.54 v register_file._08922_/Y (sky130_fd_sc_hd__o2111ai_2)
     1    0.00                           register_file._04009_ (net)
                  0.13    0.00    2.54 v register_file._08930_/C (sky130_fd_sc_hd__or4_2)
                  0.09    0.64    3.18 v register_file._08930_/X (sky130_fd_sc_hd__or4_2)
     1    0.00                           register_file._04017_ (net)
                  0.09    0.00    3.18 v register_file._08939_/A (sky130_fd_sc_hd__or4_2)
                  0.09    0.69    3.87 v register_file._08939_/X (sky130_fd_sc_hd__or4_2)
     1    0.00                           register_file._04026_ (net)
                  0.09    0.00    3.87 v register_file._08940_/A (sky130_fd_sc_hd__buf_1)
                  0.06    0.14    4.01 v register_file._08940_/X (sky130_fd_sc_hd__buf_1)
     2    0.01                           alu_operand_mux.input_b[21] (net)
                  0.06    0.00    4.01 v alu_operand_mux._111_/A0 (sky130_fd_sc_hd__mux2_2)
                  0.05    0.27    4.28 v alu_operand_mux._111_/X (sky130_fd_sc_hd__mux2_2)
     1    0.00                           alu_operand_mux._023_ (net)
                  0.05    0.00    4.28 v alu_operand_mux._112_/A (sky130_fd_sc_hd__buf_1)
                  0.14    0.18    4.46 v alu_operand_mux._112_/X (sky130_fd_sc_hd__buf_1)
     5    0.02                           alu.alu_in_1[21] (net)
                  0.14    0.00    4.46 v alu._2195_/B (sky130_fd_sc_hd__or4_2)
                  0.09    0.68    5.15 v alu._2195_/X (sky130_fd_sc_hd__or4_2)
     1    0.00                           alu._1401_ (net)
                  0.09    0.00    5.15 v alu._2198_/B (sky130_fd_sc_hd__or4_2)
                  0.09    0.66    5.81 v alu._2198_/X (sky130_fd_sc_hd__or4_2)
     1    0.00                           alu._1404_ (net)
                  0.09    0.00    5.81 v alu._2207_/A (sky130_fd_sc_hd__or4_2)
                  0.09    0.69    6.50 v alu._2207_/X (sky130_fd_sc_hd__or4_2)
     1    0.00                           alu._1413_ (net)
                  0.09    0.00    6.50 v alu._2208_/A (sky130_fd_sc_hd__buf_1)
                  0.11    0.19    6.68 v alu._2208_/X (sky130_fd_sc_hd__buf_1)
    13    0.02                           alu._1414_ (net)
                  0.11    0.00    6.68 v alu._2223_/A (sky130_fd_sc_hd__buf_1)
                  0.24    0.30    6.98 v alu._2223_/X (sky130_fd_sc_hd__buf_1)
    30    0.04                           alu._1429_ (net)
                  0.24    0.00    6.98 v alu._2276_/C (sky130_fd_sc_hd__or3_2)
                  0.11    0.56    7.54 v alu._2276_/X (sky130_fd_sc_hd__or3_2)
     8    0.01                           alu._1482_ (net)
                  0.11    0.00    7.54 v alu._2510_/A3 (sky130_fd_sc_hd__mux4_2)
                  0.08    0.51    8.05 v alu._2510_/X (sky130_fd_sc_hd__mux4_2)
     2    0.00                           alu._1713_ (net)
                  0.08    0.00    8.05 v alu._2511_/B (sky130_fd_sc_hd__or2_2)
                  0.06    0.30    8.34 v alu._2511_/X (sky130_fd_sc_hd__or2_2)
     2    0.00                           alu._1714_ (net)
                  0.06    0.00    8.34 v alu._2512_/B (sky130_fd_sc_hd__or2_2)
                  0.07    0.31    8.65 v alu._2512_/X (sky130_fd_sc_hd__or2_2)
     4    0.01                           alu._1715_ (net)
                  0.07    0.00    8.65 v alu._2513_/C (sky130_fd_sc_hd__or3_2)
                  0.07    0.42    9.07 v alu._2513_/X (sky130_fd_sc_hd__or3_2)
     1    0.00                           alu._1716_ (net)
                  0.07    0.00    9.07 v alu._2514_/C1 (sky130_fd_sc_hd__o221a_2)
                  0.05    0.14    9.21 v alu._2514_/X (sky130_fd_sc_hd__o221a_2)
     1    0.00                           alu._1717_ (net)
                  0.05    0.00    9.21 v alu._2524_/A2 (sky130_fd_sc_hd__o21ai_2)
                  0.19    0.17    9.38 ^ alu._2524_/Y (sky130_fd_sc_hd__o21ai_2)
     3    0.01                           alu.alu_out[3] (net)
                  0.25    0.00    9.38 ^ data_memory.process_for_mem[0].spad_inst/addr0[0] (sky130_sram_2rw_64x128_64)
                                  9.38   data arrival time

                  0.15   50.00   50.00   clock clk' (rise edge)
                          0.00   50.00   clock network delay (ideal)
                         -0.25   49.75   clock uncertainty
                          0.00   49.75   clock reconvergence pessimism
                                 49.75 ^ data_memory.process_for_mem[0].spad_inst/clk0 (sky130_sram_2rw_64x128_64)
                         -0.10   49.65   library setup time
                                 49.65   data required time
-----------------------------------------------------------------------------
                                 49.65   data required time
                                 -9.38   data arrival time
-----------------------------------------------------------------------------
                                 40.27   slack (MET)


Startpoint: instruction_memory.process_for_mem[0].dram_inst
            (falling edge-triggered flip-flop clocked by clk')
Endpoint: data_memory.process_for_mem[0].spad_inst
          (falling edge-triggered flip-flop clocked by clk')
Path Group: clk
Path Type: max

Fanout     Cap    Slew   Delay    Time   Description
-----------------------------------------------------------------------------
                  0.15    0.00    0.00   clock clk' (fall edge)
                          0.00    0.00   clock network delay (ideal)
                  0.15    0.00    0.00 v instruction_memory.process_for_mem[0].dram_inst/clk0 (sky130_sram_2rw_32x128_32)
                  0.01    0.35    0.35 ^ instruction_memory.process_for_mem[0].dram_inst/dout0[22] (sky130_sram_2rw_32x128_32)
     4    0.01                           immediate_extend_u.instruction[22] (net)
                  0.00    0.00    0.35 ^ register_file._08131_/A (sky130_fd_sc_hd__buf_1)
                  0.68    0.53    0.88 ^ register_file._08131_/X (sky130_fd_sc_hd__buf_1)
    24    0.06                           register_file._03239_ (net)
                  0.68    0.00    0.88 ^ register_file._08165_/C (sky130_fd_sc_hd__or3_2)
                  0.08    0.28    1.16 ^ register_file._08165_/X (sky130_fd_sc_hd__or3_2)
     7    0.01                           register_file._03273_ (net)
                  0.08    0.00    1.16 ^ register_file._08166_/B (sky130_fd_sc_hd__or2_2)
                  0.03    0.11    1.27 ^ register_file._08166_/X (sky130_fd_sc_hd__or2_2)
     1    0.00                           register_file._03274_ (net)
                  0.03    0.00    1.27 ^ register_file._08167_/A (sky130_fd_sc_hd__buf_1)
                  0.30    0.26    1.53 ^ register_file._08167_/X (sky130_fd_sc_hd__buf_1)
     7    0.03                           register_file._03275_ (net)
                  0.30    0.00    1.53 ^ register_file._08884_/A (sky130_fd_sc_hd__buf_1)
                  1.07    0.88    2.41 ^ register_file._08884_/X (sky130_fd_sc_hd__buf_1)
    20    0.09                           register_file._03972_ (net)
                  1.07    0.00    2.41 ^ register_file._08922_/A2 (sky130_fd_sc_hd__o2111ai_2)
                  0.13    0.13    2.54 v register_file._08922_/Y (sky130_fd_sc_hd__o2111ai_2)
     1    0.00                           register_file._04009_ (net)
                  0.13    0.00    2.54 v register_file._08930_/C (sky130_fd_sc_hd__or4_2)
                  0.09    0.64    3.18 v register_file._08930_/X (sky130_fd_sc_hd__or4_2)
     1    0.00                           register_file._04017_ (net)
                  0.09    0.00    3.18 v register_file._08939_/A (sky130_fd_sc_hd__or4_2)
                  0.09    0.69    3.87 v register_file._08939_/X (sky130_fd_sc_hd__or4_2)
     1    0.00                           register_file._04026_ (net)
                  0.09    0.00    3.87 v register_file._08940_/A (sky130_fd_sc_hd__buf_1)
                  0.06    0.14    4.01 v register_file._08940_/X (sky130_fd_sc_hd__buf_1)
     2    0.01                           alu_operand_mux.input_b[21] (net)
                  0.06    0.00    4.01 v alu_operand_mux._111_/A0 (sky130_fd_sc_hd__mux2_2)
                  0.05    0.27    4.28 v alu_operand_mux._111_/X (sky130_fd_sc_hd__mux2_2)
     1    0.00                           alu_operand_mux._023_ (net)
                  0.05    0.00    4.28 v alu_operand_mux._112_/A (sky130_fd_sc_hd__buf_1)
                  0.14    0.18    4.46 v alu_operand_mux._112_/X (sky130_fd_sc_hd__buf_1)
     5    0.02                           alu.alu_in_1[21] (net)
                  0.14    0.00    4.46 v alu._2195_/B (sky130_fd_sc_hd__or4_2)
                  0.09    0.68    5.15 v alu._2195_/X (sky130_fd_sc_hd__or4_2)
     1    0.00                           alu._1401_ (net)
                  0.09    0.00    5.15 v alu._2198_/B (sky130_fd_sc_hd__or4_2)
                  0.09    0.66    5.81 v alu._2198_/X (sky130_fd_sc_hd__or4_2)
     1    0.00                           alu._1404_ (net)
                  0.09    0.00    5.81 v alu._2207_/A (sky130_fd_sc_hd__or4_2)
                  0.09    0.69    6.50 v alu._2207_/X (sky130_fd_sc_hd__or4_2)
     1    0.00                           alu._1413_ (net)
                  0.09    0.00    6.50 v alu._2208_/A (sky130_fd_sc_hd__buf_1)
                  0.11    0.19    6.68 v alu._2208_/X (sky130_fd_sc_hd__buf_1)
    13    0.02                           alu._1414_ (net)
                  0.11    0.00    6.68 v alu._2223_/A (sky130_fd_sc_hd__buf_1)
                  0.24    0.30    6.98 v alu._2223_/X (sky130_fd_sc_hd__buf_1)
    30    0.04                           alu._1429_ (net)
                  0.24    0.00    6.98 v alu._2263_/C (sky130_fd_sc_hd__or3_2)
                  0.11    0.56    7.54 v alu._2263_/X (sky130_fd_sc_hd__or3_2)
     8    0.01                           alu._1469_ (net)
                  0.11    0.00    7.54 v alu._2670_/A3 (sky130_fd_sc_hd__mux4_2)
                  0.08    0.51    8.05 v alu._2670_/X (sky130_fd_sc_hd__mux4_2)
     2    0.00                           alu._0049_ (net)
                  0.08    0.00    8.05 v alu._2671_/A1 (sky130_fd_sc_hd__mux2_2)
                  0.06    0.30    8.35 v alu._2671_/X (sky130_fd_sc_hd__mux2_2)
     3    0.01                           alu._0050_ (net)
                  0.06    0.00    8.35 v alu._2672_/A1 (sky130_fd_sc_hd__mux2_2)
                  0.06    0.30    8.65 v alu._2672_/X (sky130_fd_sc_hd__mux2_2)
     3    0.01                           alu._0051_ (net)
                  0.06    0.00    8.65 v alu._2682_/A3 (sky130_fd_sc_hd__o311a_2)
                  0.05    0.34    8.98 v alu._2682_/X (sky130_fd_sc_hd__o311a_2)
     1    0.00                           alu._0061_ (net)
                  0.05    0.00    8.98 v alu._2683_/C_N (sky130_fd_sc_hd__or3b_2)
                  0.03    0.19    9.17 ^ alu._2683_/X (sky130_fd_sc_hd__or3b_2)
     1    0.00                           alu._0062_ (net)
                  0.03    0.00    9.17 ^ alu._2684_/A (sky130_fd_sc_hd__buf_1)
                  0.14    0.14    9.32 ^ alu._2684_/X (sky130_fd_sc_hd__buf_1)
     3    0.01                           alu.alu_out[9] (net)
                  0.18    0.00    9.32 ^ data_memory.process_for_mem[0].spad_inst/addr0[6] (sky130_sram_2rw_64x128_64)
                                  9.32   data arrival time

                  0.15   50.00   50.00   clock clk' (rise edge)
                          0.00   50.00   clock network delay (ideal)
                         -0.25   49.75   clock uncertainty
                          0.00   49.75   clock reconvergence pessimism
                                 49.75 ^ data_memory.process_for_mem[0].spad_inst/clk0 (sky130_sram_2rw_64x128_64)
                         -0.10   49.65   library setup time
                                 49.65   data required time
-----------------------------------------------------------------------------
                                 49.65   data required time
                                 -9.32   data arrival time
-----------------------------------------------------------------------------
                                 40.33   slack (MET)


