xrun(64): 23.03-s002: (c) Copyright 1995-2023 Cadence Design Systems, Inc.
TOOL:	xrun(64)	23.03-s002: Started on Apr 16, 2026 at 15:25:55 CEST
xrun
	+sv
	-64bit
	-f files_verilog.f
		../Verilog/RTL/alu.v
		../Verilog/RTL/alu_control.v
		../Verilog/RTL/branch_unit.v
		../Verilog/RTL/control_unit.v
		../Verilog/RTL/cpu.v
		../Verilog/RTL/immediate_extend_unit.v
		../Verilog/RTL/mux_2.v
		../Verilog/RTL/pc.v
		../Verilog/RTL/register_file.v
		../Verilog/RTL/reg_arstn.v
		../Verilog/RTL/reg_arstn_en.v
		../Verilog/RTL/sram.v
		../Verilog/cpu_tb.v
		../Verilog/sky130_sram_2rw.v
	-top cpu_tb
	-timescale 1ns/10ps
	-access +rwc
	-allowredefinition
Recompiling... reason: file '../Verilog/RTL/alu.v' is older than expected.
	expected: Thu Apr 16 15:14:22 2026
	actual:   Thu Apr 16 15:11:55 2026
file: ../Verilog/RTL/control_unit.v
	module worklib.control_unit:v
		errors: 0, warnings: 0
	Elaborating the design hierarchy:
		Caching library 'worklib' ....... Done
	Top level design units:
		cpu_tb
	Building instance overlay tables: .................... Done
	Generating native compiled code:
		worklib.alu:v <0x369d4959>
			streams:   6, words:  5703
		worklib.alu_control:v <0x55571987>
			streams:   3, words:   986
		worklib.control_unit:v <0x60480f26>
			streams:   1, words: 10116
		worklib.cpu_tb:v <0x12d1c8ba>
			streams:  28, words: 59463
		worklib.cpu:v <0x17c79476>
			streams:   2, words:   946
	Building instance specific data structures.
	Loading native compiled code:     .................... Done
	Design hierarchy summary:
		                  Instances  Unique
		Modules:                 18      15
		Registers:              108     105
		Scalar wires:            31       -
		Vectored wires:          44       -
		Always blocks:           40      37
		Initial blocks:           3       3
		Cont. assignments:        2       3
		Pseudo assignments:      30       -
		Simulation timescale:  10ps
	Writing initial simulation snapshot: worklib.cpu_tb:v
Loading snapshot worklib.cpu_tb:v .................... Done
xcelium> source /esat/micas-data/software/Cadence/xcelium_23.03/tools/xcelium/files/xmsimrc
xcelium> run

Start Execution

[1;34m
Mult2 Working Correctly
[0m
         40 cycles
Simulation complete via $finish(1) at time 23950 NS + 8
/users/students/r1076233/Downloads/CA_Exercise_2026_release(1)/CA_Exercise_Group26/CA_Exercises/Verilog/cpu_tb.v:362 
xcelium> exit
TOOL:	xrun(64)	23.03-s002: Exiting on Apr 16, 2026 at 15:25:57 CEST  (total: 00:00:02)
